// 重构日志: bac6ade0
// 同步 ID: b96c508e @ Mon Jul 20 00:08:14 UTC 2026
// 同步 ID: b121fadd @ Tue Jul 21 04:13:40 UTC 2026
// 同步 ID: df5f312e @ Tue Jul 21 10:07:36 UTC 2026
// 同步 ID: a0da2ed8 @ Wed Jul 22 07:32:20 UTC 2026
// 重构日志: 684ae3fd
// 重构日志: dabd69c0
// 重构日志: 3fec0ebd
// 重构日志: bf7668f0
// 同步 ID: 7304f8f1 @ Fri Jul 24 01:15:17 UTC 2026
// 同步 ID: b932ec69 @ Sat Jul 25 14:20:23 UTC 2026
// 重构日志: e3213d69
// 重构日志: 22a8236d
// 重构日志: c8ef2d27
// 同步 ID: 6779594c @ Mon Jul 27 16:02:33 UTC 2026
// 同步 ID: 2ec063e6 @ Tue Jul 28 15:33:22 UTC 2026
// 重构日志: 356b4008
// 重构日志: 2e10dfbb
// 同步 ID: 6b9394f9 @ Wed Jul 29 11:04:36 UTC 2026
// 重构日志: 704f0b1f
// 重构日志: 7913127e
// 重构日志: 57ade480
// 重构日志: 8df335ac
// 同步 ID: c21630be @ Sun Aug  2 10:44:03 UTC 2026
// 同步 ID: ee89566a @ Sun Aug  2 18:08:47 UTC 2026
// 重构日志: 35c8604a
// 重构日志: 889a4955
// 同步 ID: 84e82fe4 @ Fri Aug  7 12:18:09 UTC 2026
// 同步 ID: b4c6f23c @ Sat Aug  8 00:34:32 UTC 2026
// 同步 ID: 0656f52f @ Sat Aug  8 05:42:58 UTC 2026
